{"timestamp":"2026-06-01T13:44:19.875441Z","level":"info","event":"Filling up the DagBag from /opt/airflow/dags/PipelineDespesas.py","logger":"airflow.models.dagbag.DagBag","filename":"dagbag.py","lineno":593}
{"timestamp":"2026-06-01T13:44:20.968627Z","level":"warning","event":"The `airflow.decorators.dag` attribute is deprecated. Please use `'airflow.sdk.dag'`.","category":"DeprecatedImportWarning","filename":"/opt/airflow/dags/PipelineDespesas.py","lineno":5,"logger":"py.warnings"}
{"timestamp":"2026-06-01T13:44:20.968712Z","level":"warning","event":"The `airflow.decorators.task` attribute is deprecated. Please use `'airflow.sdk.task'`.","category":"DeprecatedImportWarning","filename":"/opt/airflow/dags/PipelineDespesas.py","lineno":5,"logger":"py.warnings"}
{"timestamp":"2026-06-01T13:44:20.968747Z","level":"warning","event":"The `airflow.utils.trigger_rule.TriggerRule` attribute is deprecated. Please use `'airflow.task.trigger_rule.TriggerRule'`.","category":"DeprecatedImportWarning","filename":"/opt/airflow/dags/PipelineDespesas.py","lineno":7,"logger":"py.warnings"}
{"timestamp":"2026-06-01T13:44:26.119450Z","level":"info","event":"Filling up the DagBag from /opt/airflow/dags/PipelineDespesas.py","logger":"airflow.models.dagbag.DagBag","filename":"dagbag.py","lineno":593}
{"timestamp":"2026-06-01T13:44:26.465437Z","level":"warning","event":"The `airflow.decorators.dag` attribute is deprecated. Please use `'airflow.sdk.dag'`.","category":"DeprecatedImportWarning","filename":"/opt/airflow/dags/PipelineDespesas.py","lineno":5,"logger":"py.warnings"}
{"timestamp":"2026-06-01T13:44:26.465532Z","level":"warning","event":"The `airflow.decorators.task` attribute is deprecated. Please use `'airflow.sdk.task'`.","category":"DeprecatedImportWarning","filename":"/opt/airflow/dags/PipelineDespesas.py","lineno":5,"logger":"py.warnings"}
{"timestamp":"2026-06-01T13:44:26.465570Z","level":"warning","event":"The `airflow.utils.trigger_rule.TriggerRule` attribute is deprecated. Please use `'airflow.task.trigger_rule.TriggerRule'`.","category":"DeprecatedImportWarning","filename":"/opt/airflow/dags/PipelineDespesas.py","lineno":7,"logger":"py.warnings"}
{"timestamp":"2026-06-01T13:44:31.544022Z","level":"info","event":"Filling up the DagBag from /opt/airflow/dags/PipelineDespesas.py","logger":"airflow.models.dagbag.DagBag","filename":"dagbag.py","lineno":593}
{"timestamp":"2026-06-01T13:44:31.888900Z","level":"warning","event":"The `airflow.decorators.dag` attribute is deprecated. Please use `'airflow.sdk.dag'`.","category":"DeprecatedImportWarning","filename":"/opt/airflow/dags/PipelineDespesas.py","lineno":5,"logger":"py.warnings"}
{"timestamp":"2026-06-01T13:44:31.888998Z","level":"warning","event":"The `airflow.decorators.task` attribute is deprecated. Please use `'airflow.sdk.task'`.","category":"DeprecatedImportWarning","filename":"/opt/airflow/dags/PipelineDespesas.py","lineno":5,"logger":"py.warnings"}
{"timestamp":"2026-06-01T13:44:31.889039Z","level":"warning","event":"The `airflow.utils.trigger_rule.TriggerRule` attribute is deprecated. Please use `'airflow.task.trigger_rule.TriggerRule'`.","category":"DeprecatedImportWarning","filename":"/opt/airflow/dags/PipelineDespesas.py","lineno":7,"logger":"py.warnings"}
{"timestamp":"2026-06-01T13:44:36.956651Z","level":"info","event":"Filling up the DagBag from /opt/airflow/dags/PipelineDespesas.py","logger":"airflow.models.dagbag.DagBag","filename":"dagbag.py","lineno":593}
{"timestamp":"2026-06-01T13:44:37.173994Z","level":"warning","event":"The `airflow.decorators.dag` attribute is deprecated. Please use `'airflow.sdk.dag'`.","category":"DeprecatedImportWarning","filename":"/opt/airflow/dags/PipelineDespesas.py","lineno":5,"logger":"py.warnings"}
{"timestamp":"2026-06-01T13:44:37.174108Z","level":"warning","event":"The `airflow.decorators.task` attribute is deprecated. Please use `'airflow.sdk.task'`.","category":"DeprecatedImportWarning","filename":"/opt/airflow/dags/PipelineDespesas.py","lineno":5,"logger":"py.warnings"}
{"timestamp":"2026-06-01T13:44:37.174152Z","level":"warning","event":"The `airflow.utils.trigger_rule.TriggerRule` attribute is deprecated. Please use `'airflow.task.trigger_rule.TriggerRule'`.","category":"DeprecatedImportWarning","filename":"/opt/airflow/dags/PipelineDespesas.py","lineno":7,"logger":"py.warnings"}
{"timestamp":"2026-06-01T13:44:42.293890Z","level":"info","event":"Filling up the DagBag from /opt/airflow/dags/PipelineDespesas.py","logger":"airflow.models.dagbag.DagBag","filename":"dagbag.py","lineno":593}
{"timestamp":"2026-06-01T13:44:42.517627Z","level":"warning","event":"The `airflow.decorators.dag` attribute is deprecated. Please use `'airflow.sdk.dag'`.","category":"DeprecatedImportWarning","filename":"/opt/airflow/dags/PipelineDespesas.py","lineno":5,"logger":"py.warnings"}
{"timestamp":"2026-06-01T13:44:42.517731Z","level":"warning","event":"The `airflow.decorators.task` attribute is deprecated. Please use `'airflow.sdk.task'`.","category":"DeprecatedImportWarning","filename":"/opt/airflow/dags/PipelineDespesas.py","lineno":5,"logger":"py.warnings"}
{"timestamp":"2026-06-01T13:44:42.517770Z","level":"warning","event":"The `airflow.utils.trigger_rule.TriggerRule` attribute is deprecated. Please use `'airflow.task.trigger_rule.TriggerRule'`.","category":"DeprecatedImportWarning","filename":"/opt/airflow/dags/PipelineDespesas.py","lineno":7,"logger":"py.warnings"}
{"timestamp":"2026-06-01T13:44:47.631489Z","level":"info","event":"Filling up the DagBag from /opt/airflow/dags/PipelineDespesas.py","logger":"airflow.models.dagbag.DagBag","filename":"dagbag.py","lineno":593}
{"timestamp":"2026-06-01T13:44:47.865329Z","level":"warning","event":"The `airflow.decorators.dag` attribute is deprecated. Please use `'airflow.sdk.dag'`.","category":"DeprecatedImportWarning","filename":"/opt/airflow/dags/PipelineDespesas.py","lineno":5,"logger":"py.warnings"}
{"timestamp":"2026-06-01T13:44:47.865436Z","level":"warning","event":"The `airflow.decorators.task` attribute is deprecated. Please use `'airflow.sdk.task'`.","category":"DeprecatedImportWarning","filename":"/opt/airflow/dags/PipelineDespesas.py","lineno":5,"logger":"py.warnings"}
{"timestamp":"2026-06-01T13:44:47.865475Z","level":"warning","event":"The `airflow.utils.trigger_rule.TriggerRule` attribute is deprecated. Please use `'airflow.task.trigger_rule.TriggerRule'`.","category":"DeprecatedImportWarning","filename":"/opt/airflow/dags/PipelineDespesas.py","lineno":7,"logger":"py.warnings"}
{"timestamp":"2026-06-01T13:44:52.969079Z","level":"info","event":"Filling up the DagBag from /opt/airflow/dags/PipelineDespesas.py","logger":"airflow.models.dagbag.DagBag","filename":"dagbag.py","lineno":593}
{"timestamp":"2026-06-01T13:44:53.187994Z","level":"warning","event":"The `airflow.decorators.dag` attribute is deprecated. Please use `'airflow.sdk.dag'`.","category":"DeprecatedImportWarning","filename":"/opt/airflow/dags/PipelineDespesas.py","lineno":5,"logger":"py.warnings"}
{"timestamp":"2026-06-01T13:44:53.188091Z","level":"warning","event":"The `airflow.decorators.task` attribute is deprecated. Please use `'airflow.sdk.task'`.","category":"DeprecatedImportWarning","filename":"/opt/airflow/dags/PipelineDespesas.py","lineno":5,"logger":"py.warnings"}
{"timestamp":"2026-06-01T13:44:53.188138Z","level":"warning","event":"The `airflow.utils.trigger_rule.TriggerRule` attribute is deprecated. Please use `'airflow.task.trigger_rule.TriggerRule'`.","category":"DeprecatedImportWarning","filename":"/opt/airflow/dags/PipelineDespesas.py","lineno":7,"logger":"py.warnings"}
{"timestamp":"2026-06-01T13:44:58.265156Z","level":"info","event":"Filling up the DagBag from /opt/airflow/dags/PipelineDespesas.py","logger":"airflow.models.dagbag.DagBag","filename":"dagbag.py","lineno":593}
{"timestamp":"2026-06-01T13:44:58.487885Z","level":"warning","event":"The `airflow.decorators.dag` attribute is deprecated. Please use `'airflow.sdk.dag'`.","category":"DeprecatedImportWarning","filename":"/opt/airflow/dags/PipelineDespesas.py","lineno":5,"logger":"py.warnings"}
{"timestamp":"2026-06-01T13:44:58.487985Z","level":"warning","event":"The `airflow.decorators.task` attribute is deprecated. Please use `'airflow.sdk.task'`.","category":"DeprecatedImportWarning","filename":"/opt/airflow/dags/PipelineDespesas.py","lineno":5,"logger":"py.warnings"}
{"timestamp":"2026-06-01T13:44:58.488023Z","level":"warning","event":"The `airflow.utils.trigger_rule.TriggerRule` attribute is deprecated. Please use `'airflow.task.trigger_rule.TriggerRule'`.","category":"DeprecatedImportWarning","filename":"/opt/airflow/dags/PipelineDespesas.py","lineno":7,"logger":"py.warnings"}
{"timestamp":"2026-06-01T13:45:03.555330Z","level":"info","event":"Filling up the DagBag from /opt/airflow/dags/PipelineDespesas.py","logger":"airflow.models.dagbag.DagBag","filename":"dagbag.py","lineno":593}
{"timestamp":"2026-06-01T13:45:03.772144Z","level":"warning","event":"The `airflow.decorators.dag` attribute is deprecated. Please use `'airflow.sdk.dag'`.","category":"DeprecatedImportWarning","filename":"/opt/airflow/dags/PipelineDespesas.py","lineno":5,"logger":"py.warnings"}
{"timestamp":"2026-06-01T13:45:03.772244Z","level":"warning","event":"The `airflow.decorators.task` attribute is deprecated. Please use `'airflow.sdk.task'`.","category":"DeprecatedImportWarning","filename":"/opt/airflow/dags/PipelineDespesas.py","lineno":5,"logger":"py.warnings"}
{"timestamp":"2026-06-01T13:45:03.772284Z","level":"warning","event":"The `airflow.utils.trigger_rule.TriggerRule` attribute is deprecated. Please use `'airflow.task.trigger_rule.TriggerRule'`.","category":"DeprecatedImportWarning","filename":"/opt/airflow/dags/PipelineDespesas.py","lineno":7,"logger":"py.warnings"}
{"timestamp":"2026-06-01T13:45:08.853241Z","level":"info","event":"Filling up the DagBag from /opt/airflow/dags/PipelineDespesas.py","logger":"airflow.models.dagbag.DagBag","filename":"dagbag.py","lineno":593}
{"timestamp":"2026-06-01T13:45:09.056162Z","level":"warning","event":"The `airflow.decorators.dag` attribute is deprecated. Please use `'airflow.sdk.dag'`.","category":"DeprecatedImportWarning","filename":"/opt/airflow/dags/PipelineDespesas.py","lineno":5,"logger":"py.warnings"}
{"timestamp":"2026-06-01T13:45:09.056261Z","level":"warning","event":"The `airflow.decorators.task` attribute is deprecated. Please use `'airflow.sdk.task'`.","category":"DeprecatedImportWarning","filename":"/opt/airflow/dags/PipelineDespesas.py","lineno":5,"logger":"py.warnings"}
{"timestamp":"2026-06-01T13:45:09.056299Z","level":"warning","event":"The `airflow.utils.trigger_rule.TriggerRule` attribute is deprecated. Please use `'airflow.task.trigger_rule.TriggerRule'`.","category":"DeprecatedImportWarning","filename":"/opt/airflow/dags/PipelineDespesas.py","lineno":7,"logger":"py.warnings"}
{"timestamp":"2026-06-01T13:45:14.135351Z","level":"info","event":"Filling up the DagBag from /opt/airflow/dags/PipelineDespesas.py","logger":"airflow.models.dagbag.DagBag","filename":"dagbag.py","lineno":593}
{"timestamp":"2026-06-01T13:45:14.343143Z","level":"warning","event":"The `airflow.decorators.dag` attribute is deprecated. Please use `'airflow.sdk.dag'`.","category":"DeprecatedImportWarning","filename":"/opt/airflow/dags/PipelineDespesas.py","lineno":5,"logger":"py.warnings"}
{"timestamp":"2026-06-01T13:45:14.343245Z","level":"warning","event":"The `airflow.decorators.task` attribute is deprecated. Please use `'airflow.sdk.task'`.","category":"DeprecatedImportWarning","filename":"/opt/airflow/dags/PipelineDespesas.py","lineno":5,"logger":"py.warnings"}
{"timestamp":"2026-06-01T13:45:14.343284Z","level":"warning","event":"The `airflow.utils.trigger_rule.TriggerRule` attribute is deprecated. Please use `'airflow.task.trigger_rule.TriggerRule'`.","category":"DeprecatedImportWarning","filename":"/opt/airflow/dags/PipelineDespesas.py","lineno":7,"logger":"py.warnings"}
{"timestamp":"2026-06-01T13:45:19.442327Z","level":"info","event":"Filling up the DagBag from /opt/airflow/dags/PipelineDespesas.py","logger":"airflow.models.dagbag.DagBag","filename":"dagbag.py","lineno":593}
{"timestamp":"2026-06-01T13:45:19.646154Z","level":"warning","event":"The `airflow.decorators.dag` attribute is deprecated. Please use `'airflow.sdk.dag'`.","category":"DeprecatedImportWarning","filename":"/opt/airflow/dags/PipelineDespesas.py","lineno":5,"logger":"py.warnings"}
{"timestamp":"2026-06-01T13:45:19.646267Z","level":"warning","event":"The `airflow.decorators.task` attribute is deprecated. Please use `'airflow.sdk.task'`.","category":"DeprecatedImportWarning","filename":"/opt/airflow/dags/PipelineDespesas.py","lineno":5,"logger":"py.warnings"}
{"timestamp":"2026-06-01T13:45:19.646308Z","level":"warning","event":"The `airflow.utils.trigger_rule.TriggerRule` attribute is deprecated. Please use `'airflow.task.trigger_rule.TriggerRule'`.","category":"DeprecatedImportWarning","filename":"/opt/airflow/dags/PipelineDespesas.py","lineno":7,"logger":"py.warnings"}
{"timestamp":"2026-06-01T13:45:24.774895Z","level":"info","event":"Filling up the DagBag from /opt/airflow/dags/PipelineDespesas.py","logger":"airflow.models.dagbag.DagBag","filename":"dagbag.py","lineno":593}
{"timestamp":"2026-06-01T13:45:24.995574Z","level":"warning","event":"The `airflow.decorators.dag` attribute is deprecated. Please use `'airflow.sdk.dag'`.","category":"DeprecatedImportWarning","filename":"/opt/airflow/dags/PipelineDespesas.py","lineno":5,"logger":"py.warnings"}
{"timestamp":"2026-06-01T13:45:24.995672Z","level":"warning","event":"The `airflow.decorators.task` attribute is deprecated. Please use `'airflow.sdk.task'`.","category":"DeprecatedImportWarning","filename":"/opt/airflow/dags/PipelineDespesas.py","lineno":5,"logger":"py.warnings"}
{"timestamp":"2026-06-01T13:45:24.995711Z","level":"warning","event":"The `airflow.utils.trigger_rule.TriggerRule` attribute is deprecated. Please use `'airflow.task.trigger_rule.TriggerRule'`.","category":"DeprecatedImportWarning","filename":"/opt/airflow/dags/PipelineDespesas.py","lineno":7,"logger":"py.warnings"}
{"timestamp":"2026-06-01T13:45:30.106716Z","level":"info","event":"Filling up the DagBag from /opt/airflow/dags/PipelineDespesas.py","logger":"airflow.models.dagbag.DagBag","filename":"dagbag.py","lineno":593}
{"timestamp":"2026-06-01T13:45:30.310353Z","level":"warning","event":"The `airflow.decorators.dag` attribute is deprecated. Please use `'airflow.sdk.dag'`.","category":"DeprecatedImportWarning","filename":"/opt/airflow/dags/PipelineDespesas.py","lineno":5,"logger":"py.warnings"}
{"timestamp":"2026-06-01T13:45:30.310448Z","level":"warning","event":"The `airflow.decorators.task` attribute is deprecated. Please use `'airflow.sdk.task'`.","category":"DeprecatedImportWarning","filename":"/opt/airflow/dags/PipelineDespesas.py","lineno":5,"logger":"py.warnings"}
{"timestamp":"2026-06-01T13:45:30.310486Z","level":"warning","event":"The `airflow.utils.trigger_rule.TriggerRule` attribute is deprecated. Please use `'airflow.task.trigger_rule.TriggerRule'`.","category":"DeprecatedImportWarning","filename":"/opt/airflow/dags/PipelineDespesas.py","lineno":7,"logger":"py.warnings"}
{"timestamp":"2026-06-01T13:45:35.410509Z","level":"info","event":"Filling up the DagBag from /opt/airflow/dags/PipelineDespesas.py","logger":"airflow.models.dagbag.DagBag","filename":"dagbag.py","lineno":593}
{"timestamp":"2026-06-01T13:45:35.632474Z","level":"warning","event":"The `airflow.decorators.dag` attribute is deprecated. Please use `'airflow.sdk.dag'`.","category":"DeprecatedImportWarning","filename":"/opt/airflow/dags/PipelineDespesas.py","lineno":5,"logger":"py.warnings"}
{"timestamp":"2026-06-01T13:45:35.632591Z","level":"warning","event":"The `airflow.decorators.task` attribute is deprecated. Please use `'airflow.sdk.task'`.","category":"DeprecatedImportWarning","filename":"/opt/airflow/dags/PipelineDespesas.py","lineno":5,"logger":"py.warnings"}
{"timestamp":"2026-06-01T13:45:35.632632Z","level":"warning","event":"The `airflow.utils.trigger_rule.TriggerRule` attribute is deprecated. Please use `'airflow.task.trigger_rule.TriggerRule'`.","category":"DeprecatedImportWarning","filename":"/opt/airflow/dags/PipelineDespesas.py","lineno":7,"logger":"py.warnings"}
{"timestamp":"2026-06-01T13:45:40.748362Z","level":"info","event":"Filling up the DagBag from /opt/airflow/dags/PipelineDespesas.py","logger":"airflow.models.dagbag.DagBag","filename":"dagbag.py","lineno":593}
{"timestamp":"2026-06-01T13:45:40.985056Z","level":"warning","event":"The `airflow.decorators.dag` attribute is deprecated. Please use `'airflow.sdk.dag'`.","category":"DeprecatedImportWarning","filename":"/opt/airflow/dags/PipelineDespesas.py","lineno":5,"logger":"py.warnings"}
{"timestamp":"2026-06-01T13:45:40.985185Z","level":"warning","event":"The `airflow.decorators.task` attribute is deprecated. Please use `'airflow.sdk.task'`.","category":"DeprecatedImportWarning","filename":"/opt/airflow/dags/PipelineDespesas.py","lineno":5,"logger":"py.warnings"}
{"timestamp":"2026-06-01T13:45:40.985225Z","level":"warning","event":"The `airflow.utils.trigger_rule.TriggerRule` attribute is deprecated. Please use `'airflow.task.trigger_rule.TriggerRule'`.","category":"DeprecatedImportWarning","filename":"/opt/airflow/dags/PipelineDespesas.py","lineno":7,"logger":"py.warnings"}
{"timestamp":"2026-06-01T13:45:46.117491Z","level":"info","event":"Filling up the DagBag from /opt/airflow/dags/PipelineDespesas.py","logger":"airflow.models.dagbag.DagBag","filename":"dagbag.py","lineno":593}
{"timestamp":"2026-06-01T13:45:46.332920Z","level":"warning","event":"The `airflow.decorators.dag` attribute is deprecated. Please use `'airflow.sdk.dag'`.","category":"DeprecatedImportWarning","filename":"/opt/airflow/dags/PipelineDespesas.py","lineno":5,"logger":"py.warnings"}
{"timestamp":"2026-06-01T13:45:46.333017Z","level":"warning","event":"The `airflow.decorators.task` attribute is deprecated. Please use `'airflow.sdk.task'`.","category":"DeprecatedImportWarning","filename":"/opt/airflow/dags/PipelineDespesas.py","lineno":5,"logger":"py.warnings"}
{"timestamp":"2026-06-01T13:45:46.333058Z","level":"warning","event":"The `airflow.utils.trigger_rule.TriggerRule` attribute is deprecated. Please use `'airflow.task.trigger_rule.TriggerRule'`.","category":"DeprecatedImportWarning","filename":"/opt/airflow/dags/PipelineDespesas.py","lineno":7,"logger":"py.warnings"}
{"timestamp":"2026-06-01T13:45:51.413376Z","level":"info","event":"Filling up the DagBag from /opt/airflow/dags/PipelineDespesas.py","logger":"airflow.models.dagbag.DagBag","filename":"dagbag.py","lineno":593}
{"timestamp":"2026-06-01T13:45:51.622090Z","level":"warning","event":"The `airflow.decorators.dag` attribute is deprecated. Please use `'airflow.sdk.dag'`.","category":"DeprecatedImportWarning","filename":"/opt/airflow/dags/PipelineDespesas.py","lineno":5,"logger":"py.warnings"}
{"timestamp":"2026-06-01T13:45:51.622186Z","level":"warning","event":"The `airflow.decorators.task` attribute is deprecated. Please use `'airflow.sdk.task'`.","category":"DeprecatedImportWarning","filename":"/opt/airflow/dags/PipelineDespesas.py","lineno":5,"logger":"py.warnings"}
{"timestamp":"2026-06-01T13:45:51.622226Z","level":"warning","event":"The `airflow.utils.trigger_rule.TriggerRule` attribute is deprecated. Please use `'airflow.task.trigger_rule.TriggerRule'`.","category":"DeprecatedImportWarning","filename":"/opt/airflow/dags/PipelineDespesas.py","lineno":7,"logger":"py.warnings"}
{"timestamp":"2026-06-01T13:45:56.707745Z","level":"info","event":"Filling up the DagBag from /opt/airflow/dags/PipelineDespesas.py","logger":"airflow.models.dagbag.DagBag","filename":"dagbag.py","lineno":593}
{"timestamp":"2026-06-01T13:45:56.911681Z","level":"warning","event":"The `airflow.decorators.dag` attribute is deprecated. Please use `'airflow.sdk.dag'`.","category":"DeprecatedImportWarning","filename":"/opt/airflow/dags/PipelineDespesas.py","lineno":5,"logger":"py.warnings"}
{"timestamp":"2026-06-01T13:45:56.911778Z","level":"warning","event":"The `airflow.decorators.task` attribute is deprecated. Please use `'airflow.sdk.task'`.","category":"DeprecatedImportWarning","filename":"/opt/airflow/dags/PipelineDespesas.py","lineno":5,"logger":"py.warnings"}
{"timestamp":"2026-06-01T13:45:56.911819Z","level":"warning","event":"The `airflow.utils.trigger_rule.TriggerRule` attribute is deprecated. Please use `'airflow.task.trigger_rule.TriggerRule'`.","category":"DeprecatedImportWarning","filename":"/opt/airflow/dags/PipelineDespesas.py","lineno":7,"logger":"py.warnings"}
{"timestamp":"2026-06-01T13:46:01.988733Z","level":"info","event":"Filling up the DagBag from /opt/airflow/dags/PipelineDespesas.py","logger":"airflow.models.dagbag.DagBag","filename":"dagbag.py","lineno":593}
{"timestamp":"2026-06-01T13:46:02.213924Z","level":"warning","event":"The `airflow.decorators.dag` attribute is deprecated. Please use `'airflow.sdk.dag'`.","category":"DeprecatedImportWarning","filename":"/opt/airflow/dags/PipelineDespesas.py","lineno":5,"logger":"py.warnings"}
{"timestamp":"2026-06-01T13:46:02.214033Z","level":"warning","event":"The `airflow.decorators.task` attribute is deprecated. Please use `'airflow.sdk.task'`.","category":"DeprecatedImportWarning","filename":"/opt/airflow/dags/PipelineDespesas.py","lineno":5,"logger":"py.warnings"}
{"timestamp":"2026-06-01T13:46:02.214072Z","level":"warning","event":"The `airflow.utils.trigger_rule.TriggerRule` attribute is deprecated. Please use `'airflow.task.trigger_rule.TriggerRule'`.","category":"DeprecatedImportWarning","filename":"/opt/airflow/dags/PipelineDespesas.py","lineno":7,"logger":"py.warnings"}
{"timestamp":"2026-06-01T13:46:07.278950Z","level":"info","event":"Filling up the DagBag from /opt/airflow/dags/PipelineDespesas.py","logger":"airflow.models.dagbag.DagBag","filename":"dagbag.py","lineno":593}
{"timestamp":"2026-06-01T13:46:07.498013Z","level":"warning","event":"The `airflow.decorators.dag` attribute is deprecated. Please use `'airflow.sdk.dag'`.","category":"DeprecatedImportWarning","filename":"/opt/airflow/dags/PipelineDespesas.py","lineno":5,"logger":"py.warnings"}
{"timestamp":"2026-06-01T13:46:07.498132Z","level":"warning","event":"The `airflow.decorators.task` attribute is deprecated. Please use `'airflow.sdk.task'`.","category":"DeprecatedImportWarning","filename":"/opt/airflow/dags/PipelineDespesas.py","lineno":5,"logger":"py.warnings"}
{"timestamp":"2026-06-01T13:46:07.498171Z","level":"warning","event":"The `airflow.utils.trigger_rule.TriggerRule` attribute is deprecated. Please use `'airflow.task.trigger_rule.TriggerRule'`.","category":"DeprecatedImportWarning","filename":"/opt/airflow/dags/PipelineDespesas.py","lineno":7,"logger":"py.warnings"}
{"timestamp":"2026-06-01T13:46:12.635680Z","level":"info","event":"Filling up the DagBag from /opt/airflow/dags/PipelineDespesas.py","logger":"airflow.models.dagbag.DagBag","filename":"dagbag.py","lineno":593}
{"timestamp":"2026-06-01T13:46:12.844239Z","level":"warning","event":"The `airflow.decorators.dag` attribute is deprecated. Please use `'airflow.sdk.dag'`.","category":"DeprecatedImportWarning","filename":"/opt/airflow/dags/PipelineDespesas.py","lineno":5,"logger":"py.warnings"}
{"timestamp":"2026-06-01T13:46:12.844334Z","level":"warning","event":"The `airflow.decorators.task` attribute is deprecated. Please use `'airflow.sdk.task'`.","category":"DeprecatedImportWarning","filename":"/opt/airflow/dags/PipelineDespesas.py","lineno":5,"logger":"py.warnings"}
{"timestamp":"2026-06-01T13:46:12.844371Z","level":"warning","event":"The `airflow.utils.trigger_rule.TriggerRule` attribute is deprecated. Please use `'airflow.task.trigger_rule.TriggerRule'`.","category":"DeprecatedImportWarning","filename":"/opt/airflow/dags/PipelineDespesas.py","lineno":7,"logger":"py.warnings"}
{"timestamp":"2026-06-01T13:46:17.937970Z","level":"info","event":"Filling up the DagBag from /opt/airflow/dags/PipelineDespesas.py","logger":"airflow.models.dagbag.DagBag","filename":"dagbag.py","lineno":593}
{"timestamp":"2026-06-01T13:46:18.150924Z","level":"warning","event":"The `airflow.decorators.dag` attribute is deprecated. Please use `'airflow.sdk.dag'`.","category":"DeprecatedImportWarning","filename":"/opt/airflow/dags/PipelineDespesas.py","lineno":5,"logger":"py.warnings"}
{"timestamp":"2026-06-01T13:46:18.151026Z","level":"warning","event":"The `airflow.decorators.task` attribute is deprecated. Please use `'airflow.sdk.task'`.","category":"DeprecatedImportWarning","filename":"/opt/airflow/dags/PipelineDespesas.py","lineno":5,"logger":"py.warnings"}
{"timestamp":"2026-06-01T13:46:18.151065Z","level":"warning","event":"The `airflow.utils.trigger_rule.TriggerRule` attribute is deprecated. Please use `'airflow.task.trigger_rule.TriggerRule'`.","category":"DeprecatedImportWarning","filename":"/opt/airflow/dags/PipelineDespesas.py","lineno":7,"logger":"py.warnings"}
{"timestamp":"2026-06-01T13:46:23.269814Z","level":"info","event":"Filling up the DagBag from /opt/airflow/dags/PipelineDespesas.py","logger":"airflow.models.dagbag.DagBag","filename":"dagbag.py","lineno":593}
{"timestamp":"2026-06-01T13:46:23.481000Z","level":"warning","event":"The `airflow.decorators.dag` attribute is deprecated. Please use `'airflow.sdk.dag'`.","category":"DeprecatedImportWarning","filename":"/opt/airflow/dags/PipelineDespesas.py","lineno":5,"logger":"py.warnings"}
{"timestamp":"2026-06-01T13:46:23.481093Z","level":"warning","event":"The `airflow.decorators.task` attribute is deprecated. Please use `'airflow.sdk.task'`.","category":"DeprecatedImportWarning","filename":"/opt/airflow/dags/PipelineDespesas.py","lineno":5,"logger":"py.warnings"}
{"timestamp":"2026-06-01T13:46:23.481134Z","level":"warning","event":"The `airflow.utils.trigger_rule.TriggerRule` attribute is deprecated. Please use `'airflow.task.trigger_rule.TriggerRule'`.","category":"DeprecatedImportWarning","filename":"/opt/airflow/dags/PipelineDespesas.py","lineno":7,"logger":"py.warnings"}
{"timestamp":"2026-06-01T13:46:28.602548Z","level":"info","event":"Filling up the DagBag from /opt/airflow/dags/PipelineDespesas.py","logger":"airflow.models.dagbag.DagBag","filename":"dagbag.py","lineno":593}
{"timestamp":"2026-06-01T13:46:28.814999Z","level":"warning","event":"The `airflow.decorators.dag` attribute is deprecated. Please use `'airflow.sdk.dag'`.","category":"DeprecatedImportWarning","filename":"/opt/airflow/dags/PipelineDespesas.py","lineno":5,"logger":"py.warnings"}
{"timestamp":"2026-06-01T13:46:28.815091Z","level":"warning","event":"The `airflow.decorators.task` attribute is deprecated. Please use `'airflow.sdk.task'`.","category":"DeprecatedImportWarning","filename":"/opt/airflow/dags/PipelineDespesas.py","lineno":5,"logger":"py.warnings"}
{"timestamp":"2026-06-01T13:46:28.815130Z","level":"warning","event":"The `airflow.utils.trigger_rule.TriggerRule` attribute is deprecated. Please use `'airflow.task.trigger_rule.TriggerRule'`.","category":"DeprecatedImportWarning","filename":"/opt/airflow/dags/PipelineDespesas.py","lineno":7,"logger":"py.warnings"}
{"timestamp":"2026-06-01T13:46:33.926665Z","level":"info","event":"Filling up the DagBag from /opt/airflow/dags/PipelineDespesas.py","logger":"airflow.models.dagbag.DagBag","filename":"dagbag.py","lineno":593}
{"timestamp":"2026-06-01T13:46:34.138053Z","level":"warning","event":"The `airflow.decorators.dag` attribute is deprecated. Please use `'airflow.sdk.dag'`.","category":"DeprecatedImportWarning","filename":"/opt/airflow/dags/PipelineDespesas.py","lineno":5,"logger":"py.warnings"}
{"timestamp":"2026-06-01T13:46:34.138149Z","level":"warning","event":"The `airflow.decorators.task` attribute is deprecated. Please use `'airflow.sdk.task'`.","category":"DeprecatedImportWarning","filename":"/opt/airflow/dags/PipelineDespesas.py","lineno":5,"logger":"py.warnings"}
{"timestamp":"2026-06-01T13:46:34.138187Z","level":"warning","event":"The `airflow.utils.trigger_rule.TriggerRule` attribute is deprecated. Please use `'airflow.task.trigger_rule.TriggerRule'`.","category":"DeprecatedImportWarning","filename":"/opt/airflow/dags/PipelineDespesas.py","lineno":7,"logger":"py.warnings"}
{"timestamp":"2026-06-01T13:46:39.264408Z","level":"info","event":"Filling up the DagBag from /opt/airflow/dags/PipelineDespesas.py","logger":"airflow.models.dagbag.DagBag","filename":"dagbag.py","lineno":593}
{"timestamp":"2026-06-01T13:46:39.480990Z","level":"warning","event":"The `airflow.decorators.dag` attribute is deprecated. Please use `'airflow.sdk.dag'`.","category":"DeprecatedImportWarning","filename":"/opt/airflow/dags/PipelineDespesas.py","lineno":5,"logger":"py.warnings"}
{"timestamp":"2026-06-01T13:46:39.481087Z","level":"warning","event":"The `airflow.decorators.task` attribute is deprecated. Please use `'airflow.sdk.task'`.","category":"DeprecatedImportWarning","filename":"/opt/airflow/dags/PipelineDespesas.py","lineno":5,"logger":"py.warnings"}
{"timestamp":"2026-06-01T13:46:39.481127Z","level":"warning","event":"The `airflow.utils.trigger_rule.TriggerRule` attribute is deprecated. Please use `'airflow.task.trigger_rule.TriggerRule'`.","category":"DeprecatedImportWarning","filename":"/opt/airflow/dags/PipelineDespesas.py","lineno":7,"logger":"py.warnings"}
{"timestamp":"2026-06-01T13:46:44.613955Z","level":"info","event":"Filling up the DagBag from /opt/airflow/dags/PipelineDespesas.py","logger":"airflow.models.dagbag.DagBag","filename":"dagbag.py","lineno":593}
{"timestamp":"2026-06-01T13:46:44.832400Z","level":"warning","event":"The `airflow.decorators.dag` attribute is deprecated. Please use `'airflow.sdk.dag'`.","category":"DeprecatedImportWarning","filename":"/opt/airflow/dags/PipelineDespesas.py","lineno":5,"logger":"py.warnings"}
{"timestamp":"2026-06-01T13:46:44.832495Z","level":"warning","event":"The `airflow.decorators.task` attribute is deprecated. Please use `'airflow.sdk.task'`.","category":"DeprecatedImportWarning","filename":"/opt/airflow/dags/PipelineDespesas.py","lineno":5,"logger":"py.warnings"}
{"timestamp":"2026-06-01T13:46:44.832533Z","level":"warning","event":"The `airflow.utils.trigger_rule.TriggerRule` attribute is deprecated. Please use `'airflow.task.trigger_rule.TriggerRule'`.","category":"DeprecatedImportWarning","filename":"/opt/airflow/dags/PipelineDespesas.py","lineno":7,"logger":"py.warnings"}
{"timestamp":"2026-06-01T13:46:49.933159Z","level":"info","event":"Filling up the DagBag from /opt/airflow/dags/PipelineDespesas.py","logger":"airflow.models.dagbag.DagBag","filename":"dagbag.py","lineno":593}
{"timestamp":"2026-06-01T13:46:50.149988Z","level":"warning","event":"The `airflow.decorators.dag` attribute is deprecated. Please use `'airflow.sdk.dag'`.","category":"DeprecatedImportWarning","filename":"/opt/airflow/dags/PipelineDespesas.py","lineno":5,"logger":"py.warnings"}
{"timestamp":"2026-06-01T13:46:50.150085Z","level":"warning","event":"The `airflow.decorators.task` attribute is deprecated. Please use `'airflow.sdk.task'`.","category":"DeprecatedImportWarning","filename":"/opt/airflow/dags/PipelineDespesas.py","lineno":5,"logger":"py.warnings"}
{"timestamp":"2026-06-01T13:46:50.150122Z","level":"warning","event":"The `airflow.utils.trigger_rule.TriggerRule` attribute is deprecated. Please use `'airflow.task.trigger_rule.TriggerRule'`.","category":"DeprecatedImportWarning","filename":"/opt/airflow/dags/PipelineDespesas.py","lineno":7,"logger":"py.warnings"}
{"timestamp":"2026-06-01T13:46:55.275323Z","level":"info","event":"Filling up the DagBag from /opt/airflow/dags/PipelineDespesas.py","logger":"airflow.models.dagbag.DagBag","filename":"dagbag.py","lineno":593}
{"timestamp":"2026-06-01T13:46:55.491814Z","level":"warning","event":"The `airflow.decorators.dag` attribute is deprecated. Please use `'airflow.sdk.dag'`.","category":"DeprecatedImportWarning","filename":"/opt/airflow/dags/PipelineDespesas.py","lineno":5,"logger":"py.warnings"}
{"timestamp":"2026-06-01T13:46:55.491911Z","level":"warning","event":"The `airflow.decorators.task` attribute is deprecated. Please use `'airflow.sdk.task'`.","category":"DeprecatedImportWarning","filename":"/opt/airflow/dags/PipelineDespesas.py","lineno":5,"logger":"py.warnings"}
{"timestamp":"2026-06-01T13:46:55.491948Z","level":"warning","event":"The `airflow.utils.trigger_rule.TriggerRule` attribute is deprecated. Please use `'airflow.task.trigger_rule.TriggerRule'`.","category":"DeprecatedImportWarning","filename":"/opt/airflow/dags/PipelineDespesas.py","lineno":7,"logger":"py.warnings"}
{"timestamp":"2026-06-01T13:47:00.600984Z","level":"info","event":"Filling up the DagBag from /opt/airflow/dags/PipelineDespesas.py","logger":"airflow.models.dagbag.DagBag","filename":"dagbag.py","lineno":593}
{"timestamp":"2026-06-01T13:47:00.818736Z","level":"warning","event":"The `airflow.decorators.dag` attribute is deprecated. Please use `'airflow.sdk.dag'`.","category":"DeprecatedImportWarning","filename":"/opt/airflow/dags/PipelineDespesas.py","lineno":5,"logger":"py.warnings"}
{"timestamp":"2026-06-01T13:47:00.818861Z","level":"warning","event":"The `airflow.decorators.task` attribute is deprecated. Please use `'airflow.sdk.task'`.","category":"DeprecatedImportWarning","filename":"/opt/airflow/dags/PipelineDespesas.py","lineno":5,"logger":"py.warnings"}
{"timestamp":"2026-06-01T13:47:00.818917Z","level":"warning","event":"The `airflow.utils.trigger_rule.TriggerRule` attribute is deprecated. Please use `'airflow.task.trigger_rule.TriggerRule'`.","category":"DeprecatedImportWarning","filename":"/opt/airflow/dags/PipelineDespesas.py","lineno":7,"logger":"py.warnings"}
{"timestamp":"2026-06-01T13:47:02.894485Z","level":"info","event":"Filling up the DagBag from /opt/airflow/dags/PipelineDespesas.py","logger":"airflow.models.dagbag.DagBag","filename":"dagbag.py","lineno":593}
{"timestamp":"2026-06-01T13:47:03.117690Z","level":"warning","event":"The `airflow.decorators.dag` attribute is deprecated. Please use `'airflow.sdk.dag'`.","category":"DeprecatedImportWarning","filename":"/opt/airflow/dags/PipelineDespesas.py","lineno":5,"logger":"py.warnings"}
{"timestamp":"2026-06-01T13:47:03.117817Z","level":"warning","event":"The `airflow.decorators.task` attribute is deprecated. Please use `'airflow.sdk.task'`.","category":"DeprecatedImportWarning","filename":"/opt/airflow/dags/PipelineDespesas.py","lineno":5,"logger":"py.warnings"}
{"timestamp":"2026-06-01T13:47:03.117858Z","level":"warning","event":"The `airflow.utils.trigger_rule.TriggerRule` attribute is deprecated. Please use `'airflow.task.trigger_rule.TriggerRule'`.","category":"DeprecatedImportWarning","filename":"/opt/airflow/dags/PipelineDespesas.py","lineno":7,"logger":"py.warnings"}
{"timestamp":"2026-06-01T13:47:08.276666Z","level":"info","event":"Filling up the DagBag from /opt/airflow/dags/PipelineDespesas.py","logger":"airflow.models.dagbag.DagBag","filename":"dagbag.py","lineno":593}
{"timestamp":"2026-06-01T13:47:08.498875Z","level":"warning","event":"The `airflow.decorators.dag` attribute is deprecated. Please use `'airflow.sdk.dag'`.","category":"DeprecatedImportWarning","filename":"/opt/airflow/dags/PipelineDespesas.py","lineno":5,"logger":"py.warnings"}
{"timestamp":"2026-06-01T13:47:08.498975Z","level":"warning","event":"The `airflow.decorators.task` attribute is deprecated. Please use `'airflow.sdk.task'`.","category":"DeprecatedImportWarning","filename":"/opt/airflow/dags/PipelineDespesas.py","lineno":5,"logger":"py.warnings"}
{"timestamp":"2026-06-01T13:47:08.499016Z","level":"warning","event":"The `airflow.utils.trigger_rule.TriggerRule` attribute is deprecated. Please use `'airflow.task.trigger_rule.TriggerRule'`.","category":"DeprecatedImportWarning","filename":"/opt/airflow/dags/PipelineDespesas.py","lineno":7,"logger":"py.warnings"}
{"timestamp":"2026-06-01T13:47:13.663808Z","level":"info","event":"Filling up the DagBag from /opt/airflow/dags/PipelineDespesas.py","logger":"airflow.models.dagbag.DagBag","filename":"dagbag.py","lineno":593}
{"timestamp":"2026-06-01T13:47:13.900744Z","level":"warning","event":"The `airflow.decorators.dag` attribute is deprecated. Please use `'airflow.sdk.dag'`.","category":"DeprecatedImportWarning","filename":"/opt/airflow/dags/PipelineDespesas.py","lineno":5,"logger":"py.warnings"}
{"timestamp":"2026-06-01T13:47:13.900849Z","level":"warning","event":"The `airflow.decorators.task` attribute is deprecated. Please use `'airflow.sdk.task'`.","category":"DeprecatedImportWarning","filename":"/opt/airflow/dags/PipelineDespesas.py","lineno":5,"logger":"py.warnings"}
{"timestamp":"2026-06-01T13:47:13.900888Z","level":"warning","event":"The `airflow.utils.trigger_rule.TriggerRule` attribute is deprecated. Please use `'airflow.task.trigger_rule.TriggerRule'`.","category":"DeprecatedImportWarning","filename":"/opt/airflow/dags/PipelineDespesas.py","lineno":7,"logger":"py.warnings"}
{"timestamp":"2026-06-01T13:47:19.026190Z","level":"info","event":"Filling up the DagBag from /opt/airflow/dags/PipelineDespesas.py","logger":"airflow.models.dagbag.DagBag","filename":"dagbag.py","lineno":593}
{"timestamp":"2026-06-01T13:47:19.250150Z","level":"warning","event":"The `airflow.decorators.dag` attribute is deprecated. Please use `'airflow.sdk.dag'`.","category":"DeprecatedImportWarning","filename":"/opt/airflow/dags/PipelineDespesas.py","lineno":5,"logger":"py.warnings"}
{"timestamp":"2026-06-01T13:47:19.250253Z","level":"warning","event":"The `airflow.decorators.task` attribute is deprecated. Please use `'airflow.sdk.task'`.","category":"DeprecatedImportWarning","filename":"/opt/airflow/dags/PipelineDespesas.py","lineno":5,"logger":"py.warnings"}
{"timestamp":"2026-06-01T13:47:19.250295Z","level":"warning","event":"The `airflow.utils.trigger_rule.TriggerRule` attribute is deprecated. Please use `'airflow.task.trigger_rule.TriggerRule'`.","category":"DeprecatedImportWarning","filename":"/opt/airflow/dags/PipelineDespesas.py","lineno":7,"logger":"py.warnings"}
{"timestamp":"2026-06-01T13:47:24.382379Z","level":"info","event":"Filling up the DagBag from /opt/airflow/dags/PipelineDespesas.py","logger":"airflow.models.dagbag.DagBag","filename":"dagbag.py","lineno":593}
{"timestamp":"2026-06-01T13:47:24.593666Z","level":"warning","event":"The `airflow.decorators.dag` attribute is deprecated. Please use `'airflow.sdk.dag'`.","category":"DeprecatedImportWarning","filename":"/opt/airflow/dags/PipelineDespesas.py","lineno":5,"logger":"py.warnings"}
{"timestamp":"2026-06-01T13:47:24.593767Z","level":"warning","event":"The `airflow.decorators.task` attribute is deprecated. Please use `'airflow.sdk.task'`.","category":"DeprecatedImportWarning","filename":"/opt/airflow/dags/PipelineDespesas.py","lineno":5,"logger":"py.warnings"}
{"timestamp":"2026-06-01T13:47:24.593805Z","level":"warning","event":"The `airflow.utils.trigger_rule.TriggerRule` attribute is deprecated. Please use `'airflow.task.trigger_rule.TriggerRule'`.","category":"DeprecatedImportWarning","filename":"/opt/airflow/dags/PipelineDespesas.py","lineno":7,"logger":"py.warnings"}
{"timestamp":"2026-06-01T13:47:29.698670Z","level":"info","event":"Filling up the DagBag from /opt/airflow/dags/PipelineDespesas.py","logger":"airflow.models.dagbag.DagBag","filename":"dagbag.py","lineno":593}
{"timestamp":"2026-06-01T13:47:29.909879Z","level":"warning","event":"The `airflow.decorators.dag` attribute is deprecated. Please use `'airflow.sdk.dag'`.","category":"DeprecatedImportWarning","filename":"/opt/airflow/dags/PipelineDespesas.py","lineno":5,"logger":"py.warnings"}
{"timestamp":"2026-06-01T13:47:29.909973Z","level":"warning","event":"The `airflow.decorators.task` attribute is deprecated. Please use `'airflow.sdk.task'`.","category":"DeprecatedImportWarning","filename":"/opt/airflow/dags/PipelineDespesas.py","lineno":5,"logger":"py.warnings"}
{"timestamp":"2026-06-01T13:47:29.910010Z","level":"warning","event":"The `airflow.utils.trigger_rule.TriggerRule` attribute is deprecated. Please use `'airflow.task.trigger_rule.TriggerRule'`.","category":"DeprecatedImportWarning","filename":"/opt/airflow/dags/PipelineDespesas.py","lineno":7,"logger":"py.warnings"}
{"timestamp":"2026-06-01T13:47:35.076100Z","level":"info","event":"Filling up the DagBag from /opt/airflow/dags/PipelineDespesas.py","logger":"airflow.models.dagbag.DagBag","filename":"dagbag.py","lineno":593}
{"timestamp":"2026-06-01T13:47:35.282933Z","level":"warning","event":"The `airflow.decorators.dag` attribute is deprecated. Please use `'airflow.sdk.dag'`.","category":"DeprecatedImportWarning","filename":"/opt/airflow/dags/PipelineDespesas.py","lineno":5,"logger":"py.warnings"}
{"timestamp":"2026-06-01T13:47:35.283027Z","level":"warning","event":"The `airflow.decorators.task` attribute is deprecated. Please use `'airflow.sdk.task'`.","category":"DeprecatedImportWarning","filename":"/opt/airflow/dags/PipelineDespesas.py","lineno":5,"logger":"py.warnings"}
{"timestamp":"2026-06-01T13:47:35.283064Z","level":"warning","event":"The `airflow.utils.trigger_rule.TriggerRule` attribute is deprecated. Please use `'airflow.task.trigger_rule.TriggerRule'`.","category":"DeprecatedImportWarning","filename":"/opt/airflow/dags/PipelineDespesas.py","lineno":7,"logger":"py.warnings"}
{"timestamp":"2026-06-01T13:47:40.411506Z","level":"info","event":"Filling up the DagBag from /opt/airflow/dags/PipelineDespesas.py","logger":"airflow.models.dagbag.DagBag","filename":"dagbag.py","lineno":593}
{"timestamp":"2026-06-01T13:47:40.613874Z","level":"warning","event":"The `airflow.decorators.dag` attribute is deprecated. Please use `'airflow.sdk.dag'`.","category":"DeprecatedImportWarning","filename":"/opt/airflow/dags/PipelineDespesas.py","lineno":5,"logger":"py.warnings"}
{"timestamp":"2026-06-01T13:47:40.613971Z","level":"warning","event":"The `airflow.decorators.task` attribute is deprecated. Please use `'airflow.sdk.task'`.","category":"DeprecatedImportWarning","filename":"/opt/airflow/dags/PipelineDespesas.py","lineno":5,"logger":"py.warnings"}
{"timestamp":"2026-06-01T13:47:40.614009Z","level":"warning","event":"The `airflow.utils.trigger_rule.TriggerRule` attribute is deprecated. Please use `'airflow.task.trigger_rule.TriggerRule'`.","category":"DeprecatedImportWarning","filename":"/opt/airflow/dags/PipelineDespesas.py","lineno":7,"logger":"py.warnings"}
{"timestamp":"2026-06-01T13:47:45.750308Z","level":"info","event":"Filling up the DagBag from /opt/airflow/dags/PipelineDespesas.py","logger":"airflow.models.dagbag.DagBag","filename":"dagbag.py","lineno":593}
{"timestamp":"2026-06-01T13:47:45.976140Z","level":"warning","event":"The `airflow.decorators.dag` attribute is deprecated. Please use `'airflow.sdk.dag'`.","category":"DeprecatedImportWarning","filename":"/opt/airflow/dags/PipelineDespesas.py","lineno":5,"logger":"py.warnings"}
{"timestamp":"2026-06-01T13:47:45.976233Z","level":"warning","event":"The `airflow.decorators.task` attribute is deprecated. Please use `'airflow.sdk.task'`.","category":"DeprecatedImportWarning","filename":"/opt/airflow/dags/PipelineDespesas.py","lineno":5,"logger":"py.warnings"}
{"timestamp":"2026-06-01T13:47:45.976273Z","level":"warning","event":"The `airflow.utils.trigger_rule.TriggerRule` attribute is deprecated. Please use `'airflow.task.trigger_rule.TriggerRule'`.","category":"DeprecatedImportWarning","filename":"/opt/airflow/dags/PipelineDespesas.py","lineno":7,"logger":"py.warnings"}
{"timestamp":"2026-06-01T13:47:51.076551Z","level":"info","event":"Filling up the DagBag from /opt/airflow/dags/PipelineDespesas.py","logger":"airflow.models.dagbag.DagBag","filename":"dagbag.py","lineno":593}
{"timestamp":"2026-06-01T13:47:51.304507Z","level":"warning","event":"The `airflow.decorators.dag` attribute is deprecated. Please use `'airflow.sdk.dag'`.","category":"DeprecatedImportWarning","filename":"/opt/airflow/dags/PipelineDespesas.py","lineno":5,"logger":"py.warnings"}
{"timestamp":"2026-06-01T13:47:51.304610Z","level":"warning","event":"The `airflow.decorators.task` attribute is deprecated. Please use `'airflow.sdk.task'`.","category":"DeprecatedImportWarning","filename":"/opt/airflow/dags/PipelineDespesas.py","lineno":5,"logger":"py.warnings"}
{"timestamp":"2026-06-01T13:47:51.304651Z","level":"warning","event":"The `airflow.utils.trigger_rule.TriggerRule` attribute is deprecated. Please use `'airflow.task.trigger_rule.TriggerRule'`.","category":"DeprecatedImportWarning","filename":"/opt/airflow/dags/PipelineDespesas.py","lineno":7,"logger":"py.warnings"}
{"timestamp":"2026-06-01T13:47:56.458326Z","level":"info","event":"Filling up the DagBag from /opt/airflow/dags/PipelineDespesas.py","logger":"airflow.models.dagbag.DagBag","filename":"dagbag.py","lineno":593}
{"timestamp":"2026-06-01T13:47:56.679561Z","level":"warning","event":"The `airflow.decorators.dag` attribute is deprecated. Please use `'airflow.sdk.dag'`.","category":"DeprecatedImportWarning","filename":"/opt/airflow/dags/PipelineDespesas.py","lineno":5,"logger":"py.warnings"}
{"timestamp":"2026-06-01T13:47:56.679656Z","level":"warning","event":"The `airflow.decorators.task` attribute is deprecated. Please use `'airflow.sdk.task'`.","category":"DeprecatedImportWarning","filename":"/opt/airflow/dags/PipelineDespesas.py","lineno":5,"logger":"py.warnings"}
{"timestamp":"2026-06-01T13:47:56.679695Z","level":"warning","event":"The `airflow.utils.trigger_rule.TriggerRule` attribute is deprecated. Please use `'airflow.task.trigger_rule.TriggerRule'`.","category":"DeprecatedImportWarning","filename":"/opt/airflow/dags/PipelineDespesas.py","lineno":7,"logger":"py.warnings"}
{"timestamp":"2026-06-01T13:48:01.802665Z","level":"info","event":"Filling up the DagBag from /opt/airflow/dags/PipelineDespesas.py","logger":"airflow.models.dagbag.DagBag","filename":"dagbag.py","lineno":593}
{"timestamp":"2026-06-01T13:48:02.004369Z","level":"warning","event":"The `airflow.decorators.dag` attribute is deprecated. Please use `'airflow.sdk.dag'`.","category":"DeprecatedImportWarning","filename":"/opt/airflow/dags/PipelineDespesas.py","lineno":5,"logger":"py.warnings"}
{"timestamp":"2026-06-01T13:48:02.004468Z","level":"warning","event":"The `airflow.decorators.task` attribute is deprecated. Please use `'airflow.sdk.task'`.","category":"DeprecatedImportWarning","filename":"/opt/airflow/dags/PipelineDespesas.py","lineno":5,"logger":"py.warnings"}
{"timestamp":"2026-06-01T13:48:02.004508Z","level":"warning","event":"The `airflow.utils.trigger_rule.TriggerRule` attribute is deprecated. Please use `'airflow.task.trigger_rule.TriggerRule'`.","category":"DeprecatedImportWarning","filename":"/opt/airflow/dags/PipelineDespesas.py","lineno":7,"logger":"py.warnings"}
{"timestamp":"2026-06-01T13:48:07.129872Z","level":"info","event":"Filling up the DagBag from /opt/airflow/dags/PipelineDespesas.py","logger":"airflow.models.dagbag.DagBag","filename":"dagbag.py","lineno":593}
{"timestamp":"2026-06-01T13:48:07.342259Z","level":"warning","event":"The `airflow.decorators.dag` attribute is deprecated. Please use `'airflow.sdk.dag'`.","category":"DeprecatedImportWarning","filename":"/opt/airflow/dags/PipelineDespesas.py","lineno":5,"logger":"py.warnings"}
{"timestamp":"2026-06-01T13:48:07.342354Z","level":"warning","event":"The `airflow.decorators.task` attribute is deprecated. Please use `'airflow.sdk.task'`.","category":"DeprecatedImportWarning","filename":"/opt/airflow/dags/PipelineDespesas.py","lineno":5,"logger":"py.warnings"}
{"timestamp":"2026-06-01T13:48:07.342405Z","level":"warning","event":"The `airflow.utils.trigger_rule.TriggerRule` attribute is deprecated. Please use `'airflow.task.trigger_rule.TriggerRule'`.","category":"DeprecatedImportWarning","filename":"/opt/airflow/dags/PipelineDespesas.py","lineno":7,"logger":"py.warnings"}
{"timestamp":"2026-06-01T13:48:12.422307Z","level":"info","event":"Filling up the DagBag from /opt/airflow/dags/PipelineDespesas.py","logger":"airflow.models.dagbag.DagBag","filename":"dagbag.py","lineno":593}
{"timestamp":"2026-06-01T13:48:12.628825Z","level":"warning","event":"The `airflow.decorators.dag` attribute is deprecated. Please use `'airflow.sdk.dag'`.","category":"DeprecatedImportWarning","filename":"/opt/airflow/dags/PipelineDespesas.py","lineno":5,"logger":"py.warnings"}
{"timestamp":"2026-06-01T13:48:12.628922Z","level":"warning","event":"The `airflow.decorators.task` attribute is deprecated. Please use `'airflow.sdk.task'`.","category":"DeprecatedImportWarning","filename":"/opt/airflow/dags/PipelineDespesas.py","lineno":5,"logger":"py.warnings"}
{"timestamp":"2026-06-01T13:48:12.628959Z","level":"warning","event":"The `airflow.utils.trigger_rule.TriggerRule` attribute is deprecated. Please use `'airflow.task.trigger_rule.TriggerRule'`.","category":"DeprecatedImportWarning","filename":"/opt/airflow/dags/PipelineDespesas.py","lineno":7,"logger":"py.warnings"}
{"timestamp":"2026-06-01T13:48:17.707983Z","level":"info","event":"Filling up the DagBag from /opt/airflow/dags/PipelineDespesas.py","logger":"airflow.models.dagbag.DagBag","filename":"dagbag.py","lineno":593}
{"timestamp":"2026-06-01T13:48:17.909090Z","level":"warning","event":"The `airflow.decorators.dag` attribute is deprecated. Please use `'airflow.sdk.dag'`.","category":"DeprecatedImportWarning","filename":"/opt/airflow/dags/PipelineDespesas.py","lineno":5,"logger":"py.warnings"}
{"timestamp":"2026-06-01T13:48:17.909192Z","level":"warning","event":"The `airflow.decorators.task` attribute is deprecated. Please use `'airflow.sdk.task'`.","category":"DeprecatedImportWarning","filename":"/opt/airflow/dags/PipelineDespesas.py","lineno":5,"logger":"py.warnings"}
{"timestamp":"2026-06-01T13:48:17.909230Z","level":"warning","event":"The `airflow.utils.trigger_rule.TriggerRule` attribute is deprecated. Please use `'airflow.task.trigger_rule.TriggerRule'`.","category":"DeprecatedImportWarning","filename":"/opt/airflow/dags/PipelineDespesas.py","lineno":7,"logger":"py.warnings"}
{"timestamp":"2026-06-01T13:48:23.009708Z","level":"info","event":"Filling up the DagBag from /opt/airflow/dags/PipelineDespesas.py","logger":"airflow.models.dagbag.DagBag","filename":"dagbag.py","lineno":593}
{"timestamp":"2026-06-01T13:48:23.214887Z","level":"warning","event":"The `airflow.decorators.dag` attribute is deprecated. Please use `'airflow.sdk.dag'`.","category":"DeprecatedImportWarning","filename":"/opt/airflow/dags/PipelineDespesas.py","lineno":5,"logger":"py.warnings"}
{"timestamp":"2026-06-01T13:48:23.214985Z","level":"warning","event":"The `airflow.decorators.task` attribute is deprecated. Please use `'airflow.sdk.task'`.","category":"DeprecatedImportWarning","filename":"/opt/airflow/dags/PipelineDespesas.py","lineno":5,"logger":"py.warnings"}
{"timestamp":"2026-06-01T13:48:23.215023Z","level":"warning","event":"The `airflow.utils.trigger_rule.TriggerRule` attribute is deprecated. Please use `'airflow.task.trigger_rule.TriggerRule'`.","category":"DeprecatedImportWarning","filename":"/opt/airflow/dags/PipelineDespesas.py","lineno":7,"logger":"py.warnings"}
{"timestamp":"2026-06-01T13:48:28.356093Z","level":"info","event":"Filling up the DagBag from /opt/airflow/dags/PipelineDespesas.py","logger":"airflow.models.dagbag.DagBag","filename":"dagbag.py","lineno":593}
{"timestamp":"2026-06-01T13:48:28.569428Z","level":"warning","event":"The `airflow.decorators.dag` attribute is deprecated. Please use `'airflow.sdk.dag'`.","category":"DeprecatedImportWarning","filename":"/opt/airflow/dags/PipelineDespesas.py","lineno":5,"logger":"py.warnings"}
{"timestamp":"2026-06-01T13:48:28.569549Z","level":"warning","event":"The `airflow.decorators.task` attribute is deprecated. Please use `'airflow.sdk.task'`.","category":"DeprecatedImportWarning","filename":"/opt/airflow/dags/PipelineDespesas.py","lineno":5,"logger":"py.warnings"}
{"timestamp":"2026-06-01T13:48:28.569607Z","level":"warning","event":"The `airflow.utils.trigger_rule.TriggerRule` attribute is deprecated. Please use `'airflow.task.trigger_rule.TriggerRule'`.","category":"DeprecatedImportWarning","filename":"/opt/airflow/dags/PipelineDespesas.py","lineno":7,"logger":"py.warnings"}
